[debug] [2026-04-16T11:54:27.351Z] ----------------------------------------------------------------------
[debug] [2026-04-16T11:54:27.360Z] Command:       C:\Program Files\nodejs\node.exe C:\Users\USER\AppData\Roaming\npm\node_modules\firebase-tools\lib\bin\firebase.js deploy --only hosting
[debug] [2026-04-16T11:54:27.361Z] CLI Version:   15.15.0
[debug] [2026-04-16T11:54:27.362Z] Platform:      win32
[debug] [2026-04-16T11:54:27.362Z] Node Version:  v22.20.0
[debug] [2026-04-16T11:54:27.363Z] Time:          Thu Apr 16 2026 04:54:27 GMT-0700 (Pacific Daylight Time)
[debug] [2026-04-16T11:54:27.364Z] ----------------------------------------------------------------------
[debug] 
[debug] [2026-04-16T11:54:33.166Z] > command requires scopes: ["email","openid","https://www.googleapis.com/auth/cloudplatformprojects.readonly","https://www.googleapis.com/auth/firebase","https://www.googleapis.com/auth/cloud-platform"]
[debug] [2026-04-16T11:54:33.168Z] > authorizing via signed-in user (promiseoyedele07@gmail.com)
[debug] [2026-04-16T11:54:33.169Z] [iam] checking project lautech-voting-system for permissions ["firebase.projects.get","firebasehosting.sites.update"]
[debug] [2026-04-16T11:54:33.173Z] Checked if tokens are valid: true, expires at: 1776344004324
[debug] [2026-04-16T11:54:33.173Z] Checked if tokens are valid: true, expires at: 1776344004324
[debug] [2026-04-16T11:54:33.177Z] >>> [apiv2][query] POST https://cloudresourcemanager.googleapis.com/v1/projects/lautech-voting-system:testIamPermissions [none]
[debug] [2026-04-16T11:54:33.177Z] >>> [apiv2][(partial)header] POST https://cloudresourcemanager.googleapis.com/v1/projects/lautech-voting-system:testIamPermissions  x-goog-user-project=lautech-voting-system
[debug] [2026-04-16T11:54:33.177Z] >>> [apiv2][body] POST https://cloudresourcemanager.googleapis.com/v1/projects/lautech-voting-system:testIamPermissions {"permissions":["firebase.projects.get","firebasehosting.sites.update"]}
[debug] [2026-04-16T11:54:39.223Z] <<< [apiv2][status] POST https://cloudresourcemanager.googleapis.com/v1/projects/lautech-voting-system:testIamPermissions 400
[debug] [2026-04-16T11:54:39.223Z] <<< [apiv2][body] POST https://cloudresourcemanager.googleapis.com/v1/projects/lautech-voting-system:testIamPermissions {"error":{"code":400,"message":"Project 'projects/lautech-voting-system' not found or deleted.","status":"INVALID_ARGUMENT","details":[{"@type":"type.googleapis.com/google.rpc.ErrorInfo","reason":"USER_PROJECT_DENIED","domain":"googleapis.com","metadata":{"service":"cloudresourcemanager.googleapis.com","consumer":"projects/lautech-voting-system","containerInfo":"projects/lautech-voting-system"}}]}}
[debug] [2026-04-16T11:54:39.225Z] [iam] error while checking permissions, command may fail: Request to https://cloudresourcemanager.googleapis.com/v1/projects/lautech-voting-system:testIamPermissions had HTTP Error: 400, Project 'projects/lautech-voting-system' not found or deleted.
[debug] [2026-04-16T11:54:39.227Z] Checked if tokens are valid: true, expires at: 1776344004324
[debug] [2026-04-16T11:54:39.227Z] Checked if tokens are valid: true, expires at: 1776344004324
[debug] [2026-04-16T11:54:39.228Z] >>> [apiv2][query] GET https://firebase.googleapis.com/v1beta1/projects/lautech-voting-system [none]
[debug] [2026-04-16T11:54:41.228Z] <<< [apiv2][status] GET https://firebase.googleapis.com/v1beta1/projects/lautech-voting-system 403
[debug] [2026-04-16T11:54:41.228Z] <<< [apiv2][body] GET https://firebase.googleapis.com/v1beta1/projects/lautech-voting-system {"error":{"code":403,"message":"The caller does not have permission","status":"PERMISSION_DENIED"}}
[debug] [2026-04-16T11:54:41.229Z] Request to https://firebase.googleapis.com/v1beta1/projects/lautech-voting-system had HTTP Error: 403, The caller does not have permission
[debug] [2026-04-16T11:54:41.807Z] FirebaseError: Request to https://firebase.googleapis.com/v1beta1/projects/lautech-voting-system had HTTP Error: 403, The caller does not have permission
    at responseToError (C:\Users\USER\AppData\Roaming\npm\node_modules\firebase-tools\lib\responseToError.js:53:12)
    at RetryOperation._fn (C:\Users\USER\AppData\Roaming\npm\node_modules\firebase-tools\lib\apiv2.js:333:77)
    at process.processTicksAndRejections (node:internal/process/task_queues:105:5)
[error] 
[error] Error: Failed to get Firebase project lautech-voting-system. Please make sure the project exists and your account has permission to access it.
[debug] [2026-04-16T11:55:10.774Z] ----------------------------------------------------------------------
[debug] [2026-04-16T11:55:10.779Z] Command:       C:\Program Files\nodejs\node.exe C:\Users\USER\AppData\Roaming\npm\node_modules\firebase-tools\lib\bin\firebase.js deploy --only hosting
[debug] [2026-04-16T11:55:10.780Z] CLI Version:   15.15.0
[debug] [2026-04-16T11:55:10.780Z] Platform:      win32
[debug] [2026-04-16T11:55:10.780Z] Node Version:  v22.20.0
[debug] [2026-04-16T11:55:10.781Z] Time:          Thu Apr 16 2026 04:55:10 GMT-0700 (Pacific Daylight Time)
[debug] [2026-04-16T11:55:10.781Z] ----------------------------------------------------------------------
[debug] 
[debug] [2026-04-16T11:55:14.813Z] > command requires scopes: ["email","openid","https://www.googleapis.com/auth/cloudplatformprojects.readonly","https://www.googleapis.com/auth/firebase","https://www.googleapis.com/auth/cloud-platform"]
[debug] [2026-04-16T11:55:14.814Z] > authorizing via signed-in user (promiseoyedele07@gmail.com)
[debug] [2026-04-16T11:55:14.814Z] [iam] checking project lautech-voting-system for permissions ["firebase.projects.get","firebasehosting.sites.update"]
[debug] [2026-04-16T11:55:14.816Z] Checked if tokens are valid: true, expires at: 1776344004324
[debug] [2026-04-16T11:55:14.817Z] Checked if tokens are valid: true, expires at: 1776344004324
[debug] [2026-04-16T11:55:14.818Z] >>> [apiv2][query] POST https://cloudresourcemanager.googleapis.com/v1/projects/lautech-voting-system:testIamPermissions [none]
[debug] [2026-04-16T11:55:14.818Z] >>> [apiv2][(partial)header] POST https://cloudresourcemanager.googleapis.com/v1/projects/lautech-voting-system:testIamPermissions  x-goog-user-project=lautech-voting-system
[debug] [2026-04-16T11:55:14.819Z] >>> [apiv2][body] POST https://cloudresourcemanager.googleapis.com/v1/projects/lautech-voting-system:testIamPermissions {"permissions":["firebase.projects.get","firebasehosting.sites.update"]}
[debug] [2026-04-16T11:55:38.973Z] *** [apiv2] error from fetch(https://cloudresourcemanager.googleapis.com/v1/projects/lautech-voting-system:testIamPermissions, {"headers":{},"method":"POST","body":"{\"permissions\":[\"firebase.projects.get\",\"firebasehosting.sites.update\"]}"}): FetchError: request to https://cloudresourcemanager.googleapis.com/v1/projects/lautech-voting-system:testIamPermissions failed, reason: 
[debug] [2026-04-16T11:55:38.975Z] [iam] error while checking permissions, command may fail: Failed to make request to https://cloudresourcemanager.googleapis.com/v1/projects/lautech-voting-system:testIamPermissions
[debug] [2026-04-16T11:55:38.979Z] Checked if tokens are valid: true, expires at: 1776344004324
[debug] [2026-04-16T11:55:38.980Z] Checked if tokens are valid: true, expires at: 1776344004324
[debug] [2026-04-16T11:55:38.981Z] >>> [apiv2][query] GET https://firebase.googleapis.com/v1beta1/projects/lautech-voting-system [none]
[debug] [2026-04-16T11:56:02.640Z] *** [apiv2] error from fetch(https://firebase.googleapis.com/v1beta1/projects/lautech-voting-system, {"headers":{},"method":"GET","signal":{"reason":""}}): FetchError: request to https://firebase.googleapis.com/v1beta1/projects/lautech-voting-system failed, reason: 
[debug] [2026-04-16T11:56:02.641Z] Failed to make request to https://firebase.googleapis.com/v1beta1/projects/lautech-voting-system (original: request to https://firebase.googleapis.com/v1beta1/projects/lautech-voting-system failed, reason: )
[error] 
[error] Error: Assertion failed: resolving hosting target of a site with no site name or target name. This should have caused an error earlier
